[openstack-controller]
ansible-controller-1
ansible-controller-2
ansible-controller-3

[openstack-network]
ansible-network-1
ansible-network-2

[openstack-compute]
ansible-compute-1
ansible-compute-2

[openstack-novnc]
ansible-controller-1
ansible-controller-2
ansible-controller-3

[haproxy]
ansible-controller-1
ansible-controller-2
ansible-controller-3

[pacemaker-cluster]
ansible-controller-1
ansible-controller-2
ansible-controller-3

[galera-cluster]
ansible-controller-1 # Cluster Seed (init Node)
ansible-controller-2
ansible-controller-3

[rabbitmq-cluster]
ansible-controller-1 # Cluster Init-Node
ansible-controller-2
ansible-controller-3

[memcached]
ansible-controller-1
ansible-controller-2
ansible-controller-3

[zookeeper-cluster]
ansible-controller-1 zookeeper_id=1
ansible-controller-2 zookeeper_id=2
ansible-controller-3 zookeeper_id=3

[openstack-horizon]
ansible-controller-1
ansible-controller-2
ansible-controller-3

[openstack-keystone]
ansible-controller-1
ansible-controller-2
ansible-controller-3

[openstack-glance-api]
ansible-controller-1
ansible-controller-2
ansible-controller-3

[openstack-glance-registry]
ansible-controller-1
ansible-controller-2
ansible-controller-3

[openstack-cinder]
ansible-controller-1
ansible-controller-2
ansible-controller-3

[openstack-nova-api]
ansible-controller-1
ansible-controller-2
ansible-controller-3

[openstack-nova-placement]
ansible-controller-1
ansible-controller-2
ansible-controller-3

[openstack-nova-metadata]
ansible-controller-1
ansible-controller-2
ansible-controller-3

[openstack-neutron]
ansible-controller-1
ansible-controller-2
ansible-controller-3

[openstack-gnocchi]
ansible-controller-1
ansible-controller-2
ansible-controller-3

[openstack-aodh]
ansible-controller-1
ansible-controller-2
ansible-controller-3

[openstack-heat]
ansible-controller-1
ansible-controller-2
ansible-controller-3

[openstack-octavia]
ansible-controller-1
ansible-controller-2
ansible-controller-3

[openstack-barbican]
ansible-controller-1
ansible-controller-2
ansible-controller-3

